Microchip MPLAB XC8 Compiler V2.36

Linker command line:

-W-3 --edf=/opt/microchip/xc8/v2.36/pic/dat/en_msgs.txt -cn \
  -h+dist/default/production/src.production.sym \
  --cmf=dist/default/production/src.production.cmf -z -Q16F648A \
  -o/tmp/xcXkChICe --defsym=__MPLAB_BUILD=1 \
  -Mdist/default/production/src.production.map --md=/tmp/xcXLAGOnO.dat -E1 \
  -ver=XC8 Compiler --acfsm=1493 -ACODE=00h-07FFhx2 -ASTRCODE=00h-0FFFh \
  -ASTRING=00h-0FFhx16 -ACONST=00h-0FFhx16 -AENTRY=00h-0FFhx16 \
  -ACOMMON=070h-07Fh -ABANK0=020h-06Fh -ABANK1=0A0h-0EFh \
  -ABANK2=0120h-016Fh -ARAM=020h-06Fh,0A0h-0EFh,0120h-016Fh \
  -AABS1=020h-07Fh,0A0h-0EFh,0120h-016Fh -ASFR0=00h-01Fh -ASFR1=080h-09Fh \
  -ASFR2=0100h-011Fh -ASFR3=0180h-01EFh -ACONFIG=02007h-02007h -DCONFIG=2 \
  -AIDLOC=02000h-02003h -DIDLOC=2 -AEEDATA=00h-0FFh/02100h \
  -peeprom_data=EEDATA -DEEDATA=2 -DCODE=2 -DSTRCODE=2 -DSTRING=2 -DCONST=2 \
  -DENTRY=2 -preset_vec=00h,intentry,init,end_init -ppowerup=CODE \
  -pcinit=CODE -pfunctab=ENTRY -k /tmp/xcXhgjhEb.o \
  dist/default/production/src.production.o 

Object code version is 3.11

Machine type is 16F648A



                Name                               Link     Load   Length Selector   Space Scale
/tmp/xcXhgjhEb.o
                end_init                              0        0        2        0       0
                config                             2007     2007        1        0       4
dist/default/production/src.production.o
                cinit                               7FD      7FD        3      FFA       0
                config                             2007     2007        1        0       4
                text3                               5CE      5CE        B      B9C       0
                text2                               5D9      5D9       1B      BB2       0
                text1                               65A      65A      1A3      CB4       0
                maintext                            5F4      5F4       66      BE8       0
                cstackBANK0                          20       20       12       20       1
                cstackCOMMON                         70       70        7       70       1

TOTAL           Name                               Link     Load   Length     Space
        CLASS   CODE           
                end_init                              0        0        2         0
                cinit                               7FD      7FD        3         0
                text3                               5CE      5CE        B         0
                text2                               5D9      5D9       1B         0
                text1                               65A      65A      1A3         0
                maintext                            5F4      5F4       66         0

        CLASS   STRCODE        

        CLASS   STRING         

        CLASS   CONST          

        CLASS   ENTRY          

        CLASS   COMMON         
                cstackCOMMON                         70       70        7         1

        CLASS   BANK0          
                cstackBANK0                          20       20       12         1

        CLASS   BANK1          

        CLASS   BANK2          

        CLASS   RAM            

        CLASS   ABS1           
                abs_s1                               7E       7E        2         1

        CLASS   SFR0           

        CLASS   SFR1           

        CLASS   SFR2           

        CLASS   SFR3           

        CLASS   CONFIG         
                config                             2007     2007        1         4

        CLASS   IDLOC          

        CLASS   EEDATA         

        CLASS   BANK3          

        CLASS   STACK          



SEGMENTS        Name                           Load    Length   Top    Selector   Space  Class     Delta

                text2                          0005D9  00001B  0005F4       BB2       0  CODE        2
                text3                          0005CE  00000B  0005D9       B9C       0  CODE        2
                maintext                       0005F4  000066  00065A       BE8       0  CODE        2
                text1                          00065A  0001A3  0007FD       CB4       0  CODE        2
                cstackBANK0                    000020  000012  000032        20       1  BANK0       1
                cinit                          0007FD  000003  000800       FFA       0  CODE        2
                reset_vec                      000000  000002  000002         0       0  CODE        2
                cstackCOMMON                   000070  000007  000077        70       1  COMMON      1


UNUSED ADDRESS RANGES

        Name                Unused          Largest block    Delta
        BANK0            0032-006F             3E           1
        BANK1            00A0-00EF             50           1
        BANK2            0120-016F             50           1
        CODE             0002-05CD            5CC           2
                         0800-0FFF            800
        COMMON           0077-007D              7           1
        CONST            0002-05CD            100           2
                         0800-0FFF            100
        EEDATA           2100-21FF            100           2
        ENTRY            0002-05CD            100           2
                         0800-0FFF            100
        IDLOC            2000-2003              4           2
        RAM              0032-006F             3E           1
                         00A0-00EF             50
                         0120-016F             50
        SFR0             0000-001F             20           1
        SFR1             0080-009F             20           1
        SFR2             0100-011F             20           1
        SFR3             0180-01EF             70           1
        STRCODE          0002-05CD            5CC           2
                         0800-0FFF            800
        STRING           0002-05CD            100           2
                         0800-0FFF            100

                                  Symbol Table

SetRightMotor@direction  cstackCOMMON 0070
SetRightMotor@state      cstackCOMMON 0072
StartupSequence@t        cstackBANK0  0020
StartupSequence@t_100    cstackBANK0  002C
StartupSequence@t_95     cstackBANK0  0022
StartupSequence@t_96     cstackBANK0  0024
StartupSequence@t_97     cstackBANK0  0026
StartupSequence@t_98     cstackBANK0  0028
StartupSequence@t_99     cstackBANK0  002A
_CMCON                   (abs)        001F
_Initialize              text3        05CE
_OSCF                    (abs)        0473
_PORTA                   (abs)        0005
_PORTAbits               (abs)        0005
_PORTB                   (abs)        0006
_PORTBbits               (abs)        0006
_SetRightMotor           text2        05D9
_StartupSequence         text1        065A
_TRISA                   (abs)        0085
_TRISB                   (abs)        0086
__Habs1                  abs1         0000
__Hbank0                 bank0        0000
__Hbank1                 bank1        0000
__Hbank2                 bank2        0000
__Hbank3                 bank3        0000
__Hcinit                 cinit        0800
__Hclrtext               clrtext      0000
__Hcode                  code         0000
__Hcommon                common       0000
__Hconfig                config       2008
__HcstackBANK0           cstackBANK0  0000
__HcstackCOMMON          cstackCOMMON 0000
__Heeprom_data           eeprom_data  0000
__Hend_init              end_init     0002
__Hfunctab               functab      0000
__Hinit                  init         0000
__Hintentry              intentry     0000
__Hmaintext              maintext     0000
__Hpowerup               powerup      0000
__Hram                   ram          0000
__Hreset_vec             reset_vec    0000
__Hsfr0                  sfr0         0000
__Hsfr1                  sfr1         0000
__Hsfr2                  sfr2         0000
__Hsfr3                  sfr3         0000
__Hspace_0               (abs)        0800
__Hspace_1               (abs)        0077
__Hspace_2               (abs)        0000
__Hspace_3               (abs)        0000
__Hspace_4               (abs)        400F
__Hstack                 stack        0000
__Hstrings               strings      0000
__Htext                  text         0000
__Labs1                  abs1         0000
__Lbank0                 bank0        0000
__Lbank1                 bank1        0000
__Lbank2                 bank2        0000
__Lbank3                 bank3        0000
__Lcinit                 cinit        07FD
__Lclrtext               clrtext      0000
__Lcode                  code         0000
__Lcommon                common       0000
__Lconfig                config       0000
__LcstackBANK0           cstackBANK0  0000
__LcstackCOMMON          cstackCOMMON 0000
__Leeprom_data           eeprom_data  0000
__Lend_init              end_init     0000
__Lfunctab               functab      0000
__Linit                  init         0000
__Lintentry              intentry     0000
__Lmaintext              maintext     0000
__Lpowerup               powerup      0000
__Lram                   ram          0000
__Lreset_vec             reset_vec    0000
__Lsfr0                  sfr0         0000
__Lsfr1                  sfr1         0000
__Lsfr2                  sfr2         0000
__Lsfr3                  sfr3         0000
__Lspace_0               (abs)        0000
__Lspace_1               (abs)        0000
__Lspace_2               (abs)        0000
__Lspace_3               (abs)        0000
__Lspace_4               (abs)        0000
__Lstack                 stack        0000
__Lstrings               strings      0000
__Ltext                  text         0000
__S0                     (abs)        0800
__S1                     (abs)        0077
__S3                     (abs)        0000
___int_sp                stack        0000
___latbits               (abs)        0001
___sp                    stack        0000
___stackhi               (abs)        0000
___stacklo               (abs)        0000
__end_of_Initialize      text3        05D9
__end_of_SetRightMotor   text2        05F4
__end_of_StartupSequence text1        07FD
__end_of__initialization cinit        07FD
__end_of_main            maintext     065A
__initialization         cinit        07FD
__pcstackBANK0           cstackBANK0  0020
__pcstackCOMMON          cstackCOMMON 0070
__pmaintext              maintext     05F4
__ptext1                 text1        065A
__ptext2                 text2        05D9
__ptext3                 text3        05CE
_main                    maintext     05F4
btemp                    (abs)        007E
end_of_initialization    cinit        07FD
intlevel0                functab      0000
intlevel1                functab      0000
intlevel2                functab      0000
intlevel3                functab      0000
intlevel4                functab      0000
intlevel5                functab      0000
reset_vec                reset_vec    0000
start                    init         0000
start_initialization     cinit        07FD
wtemp0                   (abs)        007E


MODULE INFORMATION

Module		Function		Class		Link	Load	Size
shared
		__initialization		CODE           	07FD	0000	1

shared estimated size: 1

main.c
		_StartupSequence		CODE           	065A	0000	419
		_main          		CODE           	05F4	0000	102
		_SetRightMotor 		CODE           	05D9	0000	27
		_Initialize    		CODE           	05CE	0000	11

main.c estimated size: 559

